Archive member included to satisfy reference by file (symbol)

../base_sys_eval_bsp/\libhal_bsp.a(alt_load.o)
                              ../base_sys_eval_bsp//obj/HAL/src/crt0.o (alt_load)
../base_sys_eval_bsp/\libhal_bsp.a(alt_main.o)
                              ../base_sys_eval_bsp//obj/HAL/src/crt0.o (alt_main)
../base_sys_eval_bsp/\libhal_bsp.a(alt_putstr.o)
                              obj/default/hello_world_small.o (alt_putstr)
../base_sys_eval_bsp/\libhal_bsp.a(alt_sys_init.o)
                              ../base_sys_eval_bsp/\libhal_bsp.a(alt_main.o) (alt_irq_init)
../base_sys_eval_bsp/\libhal_bsp.a(altera_avalon_jtag_uart_write.o)
                              ../base_sys_eval_bsp/\libhal_bsp.a(alt_putstr.o) (altera_avalon_jtag_uart_write)
../base_sys_eval_bsp/\libhal_bsp.a(alt_dcache_flush_all.o)
                              ../base_sys_eval_bsp/\libhal_bsp.a(alt_load.o) (alt_dcache_flush_all)
../base_sys_eval_bsp/\libhal_bsp.a(alt_icache_flush_all.o)
                              ../base_sys_eval_bsp/\libhal_bsp.a(alt_load.o) (alt_icache_flush_all)
../base_sys_eval_bsp/\libhal_bsp.a(altera_nios2_gen2_irq.o)
                              ../base_sys_eval_bsp/\libhal_bsp.a(alt_sys_init.o) (altera_nios2_gen2_irq_init)
../base_sys_eval_bsp/\libhal_bsp.a(alt_icache_flush.o)
                              ../base_sys_eval_bsp/\libhal_bsp.a(alt_icache_flush_all.o) (alt_icache_flush)
u:/intelfpga_lite/18.1/nios2eds/bin/gnu/h-x86_64-mingw32/bin/../lib/gcc/nios2-elf/5.3.0/../../../../../H-x86_64-mingw32/nios2-elf/lib\libsmallc.a(lib_a-strlen.o)
                              ../base_sys_eval_bsp/\libhal_bsp.a(alt_putstr.o) (strlen)

Memory Configuration

Name             Origin             Length             Attributes
reset            0x0000000000000000 0x0000000000000020
sys_mem          0x0000000000000020 0x0000000000009c20
*default*        0x0000000000000000 0xffffffffffffffff

Linker script and memory map

LOAD ../base_sys_eval_bsp//obj/HAL/src/crt0.o
LOAD obj/default/hello_world_small.o
LOAD u:/intelfpga_lite/18.1/nios2eds/bin/gnu/h-x86_64-mingw32/bin/../lib/gcc/nios2-elf/5.3.0/../../../../../H-x86_64-mingw32/nios2-elf/lib\libstdc++.a
LOAD u:/intelfpga_lite/18.1/nios2eds/bin/gnu/h-x86_64-mingw32/bin/../lib/gcc/nios2-elf/5.3.0/../../../../../H-x86_64-mingw32/nios2-elf/lib\libm.a
LOAD u:/intelfpga_lite/18.1/nios2eds/bin/gnu/h-x86_64-mingw32/bin/../lib/gcc/nios2-elf/5.3.0\libgcc.a
START GROUP
LOAD u:/intelfpga_lite/18.1/nios2eds/bin/gnu/h-x86_64-mingw32/bin/../lib/gcc/nios2-elf/5.3.0/../../../../../H-x86_64-mingw32/nios2-elf/lib\libsmallc.a
LOAD u:/intelfpga_lite/18.1/nios2eds/bin/gnu/h-x86_64-mingw32/bin/../lib/gcc/nios2-elf/5.3.0\libgcc.a
LOAD ../base_sys_eval_bsp/\libhal_bsp.a
LOAD u:/intelfpga_lite/18.1/nios2eds/bin/gnu/h-x86_64-mingw32/bin/../lib/gcc/nios2-elf/5.3.0/../../../../../H-x86_64-mingw32/nios2-elf/lib\libm.a
END GROUP
LOAD u:/intelfpga_lite/18.1/nios2eds/bin/gnu/h-x86_64-mingw32/bin/../lib/gcc/nios2-elf/5.3.0\libgcc.a
                0x0000000000000000                __alt_mem_sys_mem = 0x0

.entry          0x0000000000000000       0x20
 *(.entry)
 .entry         0x0000000000000000       0x20 ../base_sys_eval_bsp//obj/HAL/src/crt0.o
                0x0000000000000000                __reset
                0x000000000000001c                _exit

.exceptions     0x0000000000000020        0x0
                0x0000000000000020                PROVIDE (__ram_exceptions_start, ABSOLUTE (.))
                0x0000000000000020                . = ALIGN (0x20)
 *(.irq)
 *(.exceptions.entry.label)
 *(.exceptions.entry.user)
 *(.exceptions.entry.ecc_fatal)
 *(.exceptions.entry)
 *(.exceptions.irqtest.user)
 *(.exceptions.irqtest)
 *(.exceptions.irqhandler.user)
 *(.exceptions.irqhandler)
 *(.exceptions.irqreturn.user)
 *(.exceptions.irqreturn)
 *(.exceptions.notirq.label)
 *(.exceptions.notirq.user)
 *(.exceptions.notirq)
 *(.exceptions.soft.user)
 *(.exceptions.soft)
 *(.exceptions.unknown.user)
 *(.exceptions.unknown)
 *(.exceptions.exit.label)
 *(.exceptions.exit.user)
 *(.exceptions.exit)
 *(.exceptions)
                0x0000000000000020                PROVIDE (__ram_exceptions_end, ABSOLUTE (.))
                0x0000000000000020                PROVIDE (__flash_exceptions_start, LOADADDR (.exceptions))

.text           0x0000000000000020      0x2bc
                [!provide]                        PROVIDE (stext, ABSOLUTE (.))
 *(.interp)
 *(.hash)
 *(.dynsym)
 *(.dynstr)
 *(.gnu.version)
 *(.gnu.version_d)
 *(.gnu.version_r)
 *(.rel.init)
 *(.rela.init)
 *(.rel.text .rel.text.* .rel.gnu.linkonce.t.*)
 *(.rela.text .rela.text.* .rela.gnu.linkonce.t.*)
 *(.rel.fini)
 *(.rela.fini)
 *(.rel.rodata .rel.rodata.* .rel.gnu.linkonce.r.*)
 *(.rela.rodata .rela.rodata.* .rela.gnu.linkonce.r.*)
 *(.rel.data .rel.data.* .rel.gnu.linkonce.d.*)
 *(.rela.data .rela.data.* .rela.gnu.linkonce.d.*)
 *(.rel.tdata .rel.tdata.* .rel.gnu.linkonce.td.*)
 *(.rela.tdata .rela.tdata.* .rela.gnu.linkonce.td.*)
 *(.rel.tbss .rel.tbss.* .rel.gnu.linkonce.tb.*)
 *(.rela.tbss .rela.tbss.* .rela.gnu.linkonce.tb.*)
 *(.rel.ctors)
 *(.rela.ctors)
 *(.rel.dtors)
 *(.rela.dtors)
 *(.rel.got)
 *(.rela.got)
 *(.rel.sdata .rel.sdata.* .rel.gnu.linkonce.s.*)
 *(.rela.sdata .rela.sdata.* .rela.gnu.linkonce.s.*)
 *(.rel.sbss .rel.sbss.* .rel.gnu.linkonce.sb.*)
 *(.rela.sbss .rela.sbss.* .rela.gnu.linkonce.sb.*)
 *(.rel.sdata2 .rel.sdata2.* .rel.gnu.linkonce.s2.*)
 *(.rela.sdata2 .rela.sdata2.* .rela.gnu.linkonce.s2.*)
 *(.rel.sbss2 .rel.sbss2.* .rel.gnu.linkonce.sb2.*)
 *(.rela.sbss2 .rela.sbss2.* .rela.gnu.linkonce.sb2.*)
 *(.rel.bss .rel.bss.* .rel.gnu.linkonce.b.*)
 *(.rela.bss .rela.bss.* .rela.gnu.linkonce.b.*)
 *(.rel.plt)
 *(.rela.plt)
 *(.rel.dyn)
 *(.init)
 *(.plt)
 *(.text .stub .text.* .gnu.linkonce.t.*)
 .text          0x0000000000000020       0x4c ../base_sys_eval_bsp//obj/HAL/src/crt0.o
                0x0000000000000020                _start
 .text          0x000000000000006c        0x0 obj/default/hello_world_small.o
 .text.startup  0x000000000000006c       0x54 obj/default/hello_world_small.o
                0x000000000000006c                main
 .text          0x00000000000000c0       0xe0 ../base_sys_eval_bsp/\libhal_bsp.a(alt_load.o)
                0x00000000000000c0                alt_load
 .text          0x00000000000001a0       0x2c ../base_sys_eval_bsp/\libhal_bsp.a(alt_main.o)
                0x00000000000001a0                alt_main
 .text          0x00000000000001cc       0x38 ../base_sys_eval_bsp/\libhal_bsp.a(alt_putstr.o)
                0x00000000000001cc                alt_putstr
 .text          0x0000000000000204       0x24 ../base_sys_eval_bsp/\libhal_bsp.a(alt_sys_init.o)
                0x0000000000000204                alt_irq_init
                0x0000000000000224                alt_sys_init
 .text          0x0000000000000228       0x34 ../base_sys_eval_bsp/\libhal_bsp.a(altera_avalon_jtag_uart_write.o)
                0x0000000000000228                altera_avalon_jtag_uart_write
 .text          0x000000000000025c       0x18 ../base_sys_eval_bsp/\libhal_bsp.a(alt_dcache_flush_all.o)
                0x000000000000025c                alt_dcache_flush_all
 .text          0x0000000000000274        0xc ../base_sys_eval_bsp/\libhal_bsp.a(alt_icache_flush_all.o)
                0x0000000000000274                alt_icache_flush_all
 .text          0x0000000000000280        0x8 ../base_sys_eval_bsp/\libhal_bsp.a(altera_nios2_gen2_irq.o)
                0x0000000000000280                altera_nios2_gen2_irq_init
 .text          0x0000000000000288       0x38 ../base_sys_eval_bsp/\libhal_bsp.a(alt_icache_flush.o)
                0x0000000000000288                alt_icache_flush
 .text          0x00000000000002c0        0x0 u:/intelfpga_lite/18.1/nios2eds/bin/gnu/h-x86_64-mingw32/bin/../lib/gcc/nios2-elf/5.3.0/../../../../../H-x86_64-mingw32/nios2-elf/lib\libsmallc.a(lib_a-strlen.o)
 .text.strlen   0x00000000000002c0       0x1c u:/intelfpga_lite/18.1/nios2eds/bin/gnu/h-x86_64-mingw32/bin/../lib/gcc/nios2-elf/5.3.0/../../../../../H-x86_64-mingw32/nios2-elf/lib\libsmallc.a(lib_a-strlen.o)
                0x00000000000002c0                strlen
 *(.gnu.warning.*)
 *(.fini)
                [!provide]                        PROVIDE (__etext, ABSOLUTE (.))
                [!provide]                        PROVIDE (_etext, ABSOLUTE (.))
                [!provide]                        PROVIDE (etext, ABSOLUTE (.))
 *(.eh_frame_hdr)
                0x00000000000002dc                . = ALIGN (0x4)
                [!provide]                        PROVIDE (__preinit_array_start, ABSOLUTE (.))
 *(.preinit_array)
                [!provide]                        PROVIDE (__preinit_array_end, ABSOLUTE (.))
                [!provide]                        PROVIDE (__init_array_start, ABSOLUTE (.))
 *(.init_array)
                [!provide]                        PROVIDE (__init_array_end, ABSOLUTE (.))
                [!provide]                        PROVIDE (__fini_array_start, ABSOLUTE (.))
 *(.fini_array)
                [!provide]                        PROVIDE (__fini_array_end, ABSOLUTE (.))
 *(.eh_frame)
 *(.gcc_except_table .gcc_except_table.*)
 *(.dynamic)
                [!provide]                        PROVIDE (__CTOR_LIST__, ABSOLUTE (.))
 *(.ctors)
 *(SORT(.ctors.*))
                [!provide]                        PROVIDE (__CTOR_END__, ABSOLUTE (.))
                [!provide]                        PROVIDE (__DTOR_LIST__, ABSOLUTE (.))
 *(.dtors)
 *(SORT(.dtors.*))
                [!provide]                        PROVIDE (__DTOR_END__, ABSOLUTE (.))
 *(.jcr)
                0x00000000000002dc                . = ALIGN (0x4)

.rodata         0x00000000000002dc       0x18
                0x00000000000002dc                PROVIDE (__ram_rodata_start, ABSOLUTE (.))
                0x00000000000002dc                . = ALIGN (0x4)
 *(.rodata .rodata.* .gnu.linkonce.r.*)
 .rodata.str1.4
                0x00000000000002dc       0x18 obj/default/hello_world_small.o
                                         0x15 (size before relaxing)
 *(.rodata1)
                0x00000000000002f4                . = ALIGN (0x4)
                0x00000000000002f4                PROVIDE (__ram_rodata_end, ABSOLUTE (.))
                0x00000000000002dc                PROVIDE (__flash_rodata_start, LOADADDR (.rodata))

.rwdata         0x00000000000002f4        0x4 load address 0x00000000000002f8
                0x00000000000002f4                PROVIDE (__ram_rwdata_start, ABSOLUTE (.))
                0x00000000000002f4                . = ALIGN (0x4)
 *(.got.plt)
 *(.got)
 *(.data1)
 *(.data .data.* .gnu.linkonce.d.*)
 .data          0x00000000000002f4        0x0 ../base_sys_eval_bsp//obj/HAL/src/crt0.o
 .data          0x00000000000002f4        0x0 obj/default/hello_world_small.o
 .data          0x00000000000002f4        0x0 ../base_sys_eval_bsp/\libhal_bsp.a(alt_load.o)
 .data          0x00000000000002f4        0x0 ../base_sys_eval_bsp/\libhal_bsp.a(alt_main.o)
 .data          0x00000000000002f4        0x0 ../base_sys_eval_bsp/\libhal_bsp.a(alt_putstr.o)
 .data          0x00000000000002f4        0x0 ../base_sys_eval_bsp/\libhal_bsp.a(alt_sys_init.o)
 .data          0x00000000000002f4        0x0 ../base_sys_eval_bsp/\libhal_bsp.a(altera_avalon_jtag_uart_write.o)
 .data          0x00000000000002f4        0x0 ../base_sys_eval_bsp/\libhal_bsp.a(alt_dcache_flush_all.o)
 .data          0x00000000000002f4        0x0 ../base_sys_eval_bsp/\libhal_bsp.a(alt_icache_flush_all.o)
 .data          0x00000000000002f4        0x0 ../base_sys_eval_bsp/\libhal_bsp.a(altera_nios2_gen2_irq.o)
 .data          0x00000000000002f4        0x0 ../base_sys_eval_bsp/\libhal_bsp.a(alt_icache_flush.o)
 .data          0x00000000000002f4        0x0 u:/intelfpga_lite/18.1/nios2eds/bin/gnu/h-x86_64-mingw32/bin/../lib/gcc/nios2-elf/5.3.0/../../../../../H-x86_64-mingw32/nios2-elf/lib\libsmallc.a(lib_a-strlen.o)
                0x00000000000082f4                _gp = ABSOLUTE ((. + 0x8000))
                [!provide]                        PROVIDE (gp, _gp)
 *(.rwdata .rwdata.*)
 *(.sdata .sdata.* .gnu.linkonce.s.*)
 .sdata         0x00000000000002f4        0x4 ../base_sys_eval_bsp/\libhal_bsp.a(alt_sys_init.o)
                0x00000000000002f4                sys_jtag_uart
 *(.sdata2 .sdata2.* .gnu.linkonce.s2.*)
                0x00000000000002f8                . = ALIGN (0x4)
                0x00000000000002f8                _edata = ABSOLUTE (.)
                [!provide]                        PROVIDE (edata, ABSOLUTE (.))
                0x00000000000002f8                PROVIDE (__ram_rwdata_end, ABSOLUTE (.))
                0x00000000000002f8                PROVIDE (__flash_rwdata_start, LOADADDR (.rwdata))

.bss            0x00000000000002fc       0x10
                0x00000000000002fc                __bss_start = ABSOLUTE (.)
                [!provide]                        PROVIDE (__sbss_start, ABSOLUTE (.))
                [!provide]                        PROVIDE (___sbss_start, ABSOLUTE (.))
 *(.dynsbss)
 *(.sbss .sbss.* .gnu.linkonce.sb.*)
 .sbss          0x00000000000002fc        0x4 obj/default/hello_world_small.o
                0x00000000000002fc                delay
 .sbss          0x0000000000000300        0xc ../base_sys_eval_bsp/\libhal_bsp.a(alt_main.o)
                0x0000000000000300                alt_envp
                0x0000000000000304                alt_argv
                0x0000000000000308                alt_argc
 *(.sbss2 .sbss2.* .gnu.linkonce.sb2.*)
 *(.scommon)
                [!provide]                        PROVIDE (__sbss_end, ABSOLUTE (.))
                [!provide]                        PROVIDE (___sbss_end, ABSOLUTE (.))
 *(.dynbss)
 *(.bss .bss.* .gnu.linkonce.b.*)
 .bss           0x000000000000030c        0x0 ../base_sys_eval_bsp//obj/HAL/src/crt0.o
 .bss           0x000000000000030c        0x0 obj/default/hello_world_small.o
 .bss           0x000000000000030c        0x0 ../base_sys_eval_bsp/\libhal_bsp.a(alt_load.o)
 .bss           0x000000000000030c        0x0 ../base_sys_eval_bsp/\libhal_bsp.a(alt_main.o)
 .bss           0x000000000000030c        0x0 ../base_sys_eval_bsp/\libhal_bsp.a(alt_putstr.o)
 .bss           0x000000000000030c        0x0 ../base_sys_eval_bsp/\libhal_bsp.a(alt_sys_init.o)
 .bss           0x000000000000030c        0x0 ../base_sys_eval_bsp/\libhal_bsp.a(altera_avalon_jtag_uart_write.o)
 .bss           0x000000000000030c        0x0 ../base_sys_eval_bsp/\libhal_bsp.a(alt_dcache_flush_all.o)
 .bss           0x000000000000030c        0x0 ../base_sys_eval_bsp/\libhal_bsp.a(alt_icache_flush_all.o)
 .bss           0x000000000000030c        0x0 ../base_sys_eval_bsp/\libhal_bsp.a(altera_nios2_gen2_irq.o)
 .bss           0x000000000000030c        0x0 ../base_sys_eval_bsp/\libhal_bsp.a(alt_icache_flush.o)
 .bss           0x000000000000030c        0x0 u:/intelfpga_lite/18.1/nios2eds/bin/gnu/h-x86_64-mingw32/bin/../lib/gcc/nios2-elf/5.3.0/../../../../../H-x86_64-mingw32/nios2-elf/lib\libsmallc.a(lib_a-strlen.o)
 *(COMMON)
                0x000000000000030c                . = ALIGN (0x4)
                0x000000000000030c                __bss_end = ABSOLUTE (.)

.sys_mem        0x000000000000030c        0x0
                [!provide]                        PROVIDE (_alt_partition_sys_mem_start, ABSOLUTE (.))
 *(.sys_mem .sys_mem. sys_mem.*)
                0x000000000000030c                . = ALIGN (0x4)
                [!provide]                        PROVIDE (_alt_partition_sys_mem_end, ABSOLUTE (.))
                0x000000000000030c                _end = ABSOLUTE (.)
                0x000000000000030c                end = ABSOLUTE (.)
                0x000000000000030c                __alt_stack_base = ABSOLUTE (.)
                [!provide]                        PROVIDE (_alt_partition_sys_mem_load_addr, LOADADDR (.sys_mem))

.stab
 *(.stab)

.stabstr
 *(.stabstr)

.stab.excl
 *(.stab.excl)

.stab.exclstr
 *(.stab.exclstr)

.stab.index
 *(.stab.index)

.stab.indexstr
 *(.stab.indexstr)

.comment        0x0000000000000000       0x23
 *(.comment)
 .comment       0x0000000000000000       0x23 obj/default/hello_world_small.o
                                         0x24 (size before relaxing)
 .comment       0x0000000000000023       0x24 ../base_sys_eval_bsp/\libhal_bsp.a(alt_load.o)
 .comment       0x0000000000000023       0x24 ../base_sys_eval_bsp/\libhal_bsp.a(alt_main.o)
 .comment       0x0000000000000023       0x24 ../base_sys_eval_bsp/\libhal_bsp.a(alt_putstr.o)
 .comment       0x0000000000000023       0x24 ../base_sys_eval_bsp/\libhal_bsp.a(alt_sys_init.o)
 .comment       0x0000000000000023       0x24 ../base_sys_eval_bsp/\libhal_bsp.a(altera_avalon_jtag_uart_write.o)
 .comment       0x0000000000000023       0x24 ../base_sys_eval_bsp/\libhal_bsp.a(alt_dcache_flush_all.o)
 .comment       0x0000000000000023       0x24 ../base_sys_eval_bsp/\libhal_bsp.a(alt_icache_flush_all.o)
 .comment       0x0000000000000023       0x24 ../base_sys_eval_bsp/\libhal_bsp.a(altera_nios2_gen2_irq.o)
 .comment       0x0000000000000023       0x24 ../base_sys_eval_bsp/\libhal_bsp.a(alt_icache_flush.o)
 .comment       0x0000000000000023       0x24 u:/intelfpga_lite/18.1/nios2eds/bin/gnu/h-x86_64-mingw32/bin/../lib/gcc/nios2-elf/5.3.0/../../../../../H-x86_64-mingw32/nios2-elf/lib\libsmallc.a(lib_a-strlen.o)

.debug
 *(.debug)

.line
 *(.line)

.debug_srcinfo
 *(.debug_srcinfo)

.debug_sfnames
 *(.debug_sfnames)

.debug_aranges  0x0000000000000000      0x188
 *(.debug_aranges)
 .debug_aranges
                0x0000000000000000       0x28 ../base_sys_eval_bsp//obj/HAL/src/crt0.o
 .debug_aranges
                0x0000000000000028       0x20 obj/default/hello_world_small.o
 .debug_aranges
                0x0000000000000048       0x20 ../base_sys_eval_bsp/\libhal_bsp.a(alt_load.o)
 .debug_aranges
                0x0000000000000068       0x20 ../base_sys_eval_bsp/\libhal_bsp.a(alt_main.o)
 .debug_aranges
                0x0000000000000088       0x20 ../base_sys_eval_bsp/\libhal_bsp.a(alt_putstr.o)
 .debug_aranges
                0x00000000000000a8       0x20 ../base_sys_eval_bsp/\libhal_bsp.a(alt_sys_init.o)
 .debug_aranges
                0x00000000000000c8       0x20 ../base_sys_eval_bsp/\libhal_bsp.a(altera_avalon_jtag_uart_write.o)
 .debug_aranges
                0x00000000000000e8       0x20 ../base_sys_eval_bsp/\libhal_bsp.a(alt_dcache_flush_all.o)
 .debug_aranges
                0x0000000000000108       0x20 ../base_sys_eval_bsp/\libhal_bsp.a(alt_icache_flush_all.o)
 .debug_aranges
                0x0000000000000128       0x20 ../base_sys_eval_bsp/\libhal_bsp.a(altera_nios2_gen2_irq.o)
 .debug_aranges
                0x0000000000000148       0x20 ../base_sys_eval_bsp/\libhal_bsp.a(alt_icache_flush.o)
 .debug_aranges
                0x0000000000000168       0x20 u:/intelfpga_lite/18.1/nios2eds/bin/gnu/h-x86_64-mingw32/bin/../lib/gcc/nios2-elf/5.3.0/../../../../../H-x86_64-mingw32/nios2-elf/lib\libsmallc.a(lib_a-strlen.o)

.debug_pubnames
 *(.debug_pubnames)

.debug_info     0x0000000000000000      0xca4
 *(.debug_info .gnu.linkonce.wi.*)
 .debug_info    0x0000000000000000       0x78 ../base_sys_eval_bsp//obj/HAL/src/crt0.o
 .debug_info    0x0000000000000078       0xf5 obj/default/hello_world_small.o
 .debug_info    0x000000000000016d      0x1c9 ../base_sys_eval_bsp/\libhal_bsp.a(alt_load.o)
 .debug_info    0x0000000000000336      0x169 ../base_sys_eval_bsp/\libhal_bsp.a(alt_main.o)
 .debug_info    0x000000000000049f      0x13a ../base_sys_eval_bsp/\libhal_bsp.a(alt_putstr.o)
 .debug_info    0x00000000000005d9      0x19d ../base_sys_eval_bsp/\libhal_bsp.a(alt_sys_init.o)
 .debug_info    0x0000000000000776      0x197 ../base_sys_eval_bsp/\libhal_bsp.a(altera_avalon_jtag_uart_write.o)
 .debug_info    0x000000000000090d       0xa6 ../base_sys_eval_bsp/\libhal_bsp.a(alt_dcache_flush_all.o)
 .debug_info    0x00000000000009b3       0xb8 ../base_sys_eval_bsp/\libhal_bsp.a(alt_icache_flush_all.o)
 .debug_info    0x0000000000000a6b       0x92 ../base_sys_eval_bsp/\libhal_bsp.a(altera_nios2_gen2_irq.o)
 .debug_info    0x0000000000000afd       0xde ../base_sys_eval_bsp/\libhal_bsp.a(alt_icache_flush.o)
 .debug_info    0x0000000000000bdb       0xc9 u:/intelfpga_lite/18.1/nios2eds/bin/gnu/h-x86_64-mingw32/bin/../lib/gcc/nios2-elf/5.3.0/../../../../../H-x86_64-mingw32/nios2-elf/lib\libsmallc.a(lib_a-strlen.o)

.debug_abbrev   0x0000000000000000      0x765
 *(.debug_abbrev)
 .debug_abbrev  0x0000000000000000       0x12 ../base_sys_eval_bsp//obj/HAL/src/crt0.o
 .debug_abbrev  0x0000000000000012       0xb2 obj/default/hello_world_small.o
 .debug_abbrev  0x00000000000000c4       0xd8 ../base_sys_eval_bsp/\libhal_bsp.a(alt_load.o)
 .debug_abbrev  0x000000000000019c       0xee ../base_sys_eval_bsp/\libhal_bsp.a(alt_main.o)
 .debug_abbrev  0x000000000000028a       0xd3 ../base_sys_eval_bsp/\libhal_bsp.a(alt_putstr.o)
 .debug_abbrev  0x000000000000035d      0x10e ../base_sys_eval_bsp/\libhal_bsp.a(alt_sys_init.o)
 .debug_abbrev  0x000000000000046b       0xd5 ../base_sys_eval_bsp/\libhal_bsp.a(altera_avalon_jtag_uart_write.o)
 .debug_abbrev  0x0000000000000540       0x5a ../base_sys_eval_bsp/\libhal_bsp.a(alt_dcache_flush_all.o)
 .debug_abbrev  0x000000000000059a       0x6f ../base_sys_eval_bsp/\libhal_bsp.a(alt_icache_flush_all.o)
 .debug_abbrev  0x0000000000000609       0x42 ../base_sys_eval_bsp/\libhal_bsp.a(altera_nios2_gen2_irq.o)
 .debug_abbrev  0x000000000000064b       0x9b ../base_sys_eval_bsp/\libhal_bsp.a(alt_icache_flush.o)
 .debug_abbrev  0x00000000000006e6       0x7f u:/intelfpga_lite/18.1/nios2eds/bin/gnu/h-x86_64-mingw32/bin/../lib/gcc/nios2-elf/5.3.0/../../../../../H-x86_64-mingw32/nios2-elf/lib\libsmallc.a(lib_a-strlen.o)

.debug_line     0x0000000000000000      0x7f3
 *(.debug_line)
 .debug_line    0x0000000000000000       0x72 ../base_sys_eval_bsp//obj/HAL/src/crt0.o
 .debug_line    0x0000000000000072       0x88 obj/default/hello_world_small.o
 .debug_line    0x00000000000000fa       0xa4 ../base_sys_eval_bsp/\libhal_bsp.a(alt_load.o)
 .debug_line    0x000000000000019e       0xbd ../base_sys_eval_bsp/\libhal_bsp.a(alt_main.o)
 .debug_line    0x000000000000025b       0xa0 ../base_sys_eval_bsp/\libhal_bsp.a(alt_putstr.o)
 .debug_line    0x00000000000002fb      0x11a ../base_sys_eval_bsp/\libhal_bsp.a(alt_sys_init.o)
 .debug_line    0x0000000000000415       0xf0 ../base_sys_eval_bsp/\libhal_bsp.a(altera_avalon_jtag_uart_write.o)
 .debug_line    0x0000000000000505       0x5a ../base_sys_eval_bsp/\libhal_bsp.a(alt_dcache_flush_all.o)
 .debug_line    0x000000000000055f       0x6e ../base_sys_eval_bsp/\libhal_bsp.a(alt_icache_flush_all.o)
 .debug_line    0x00000000000005cd       0x50 ../base_sys_eval_bsp/\libhal_bsp.a(altera_nios2_gen2_irq.o)
 .debug_line    0x000000000000061d       0x7d ../base_sys_eval_bsp/\libhal_bsp.a(alt_icache_flush.o)
 .debug_line    0x000000000000069a      0x159 u:/intelfpga_lite/18.1/nios2eds/bin/gnu/h-x86_64-mingw32/bin/../lib/gcc/nios2-elf/5.3.0/../../../../../H-x86_64-mingw32/nios2-elf/lib\libsmallc.a(lib_a-strlen.o)

.debug_frame    0x0000000000000000      0x1b4
 *(.debug_frame)
 .debug_frame   0x0000000000000000       0x2c obj/default/hello_world_small.o
 .debug_frame   0x000000000000002c       0x30 ../base_sys_eval_bsp/\libhal_bsp.a(alt_load.o)
 .debug_frame   0x000000000000005c       0x2c ../base_sys_eval_bsp/\libhal_bsp.a(alt_main.o)
 .debug_frame   0x0000000000000088       0x30 ../base_sys_eval_bsp/\libhal_bsp.a(alt_putstr.o)
 .debug_frame   0x00000000000000b8       0x3c ../base_sys_eval_bsp/\libhal_bsp.a(alt_sys_init.o)
 .debug_frame   0x00000000000000f4       0x20 ../base_sys_eval_bsp/\libhal_bsp.a(altera_avalon_jtag_uart_write.o)
 .debug_frame   0x0000000000000114       0x20 ../base_sys_eval_bsp/\libhal_bsp.a(alt_dcache_flush_all.o)
 .debug_frame   0x0000000000000134       0x20 ../base_sys_eval_bsp/\libhal_bsp.a(alt_icache_flush_all.o)
 .debug_frame   0x0000000000000154       0x20 ../base_sys_eval_bsp/\libhal_bsp.a(altera_nios2_gen2_irq.o)
 .debug_frame   0x0000000000000174       0x20 ../base_sys_eval_bsp/\libhal_bsp.a(alt_icache_flush.o)
 .debug_frame   0x0000000000000194       0x20 u:/intelfpga_lite/18.1/nios2eds/bin/gnu/h-x86_64-mingw32/bin/../lib/gcc/nios2-elf/5.3.0/../../../../../H-x86_64-mingw32/nios2-elf/lib\libsmallc.a(lib_a-strlen.o)

.debug_str      0x0000000000000000      0x662
 *(.debug_str)
 .debug_str     0x0000000000000000      0x10d obj/default/hello_world_small.o
                                        0x131 (size before relaxing)
 .debug_str     0x000000000000010d      0x1bc ../base_sys_eval_bsp/\libhal_bsp.a(alt_load.o)
                                        0x243 (size before relaxing)
 .debug_str     0x00000000000002c9       0x8f ../base_sys_eval_bsp/\libhal_bsp.a(alt_main.o)
                                        0x1bc (size before relaxing)
 .debug_str     0x0000000000000358       0x68 ../base_sys_eval_bsp/\libhal_bsp.a(alt_putstr.o)
                                        0x19b (size before relaxing)
 .debug_str     0x00000000000003c0       0xb9 ../base_sys_eval_bsp/\libhal_bsp.a(alt_sys_init.o)
                                        0x267 (size before relaxing)
 .debug_str     0x0000000000000479       0x3f ../base_sys_eval_bsp/\libhal_bsp.a(altera_avalon_jtag_uart_write.o)
                                        0x21c (size before relaxing)
 .debug_str     0x00000000000004b8       0x1f ../base_sys_eval_bsp/\libhal_bsp.a(alt_dcache_flush_all.o)
                                        0x15c (size before relaxing)
 .debug_str     0x00000000000004d7       0x30 ../base_sys_eval_bsp/\libhal_bsp.a(alt_icache_flush_all.o)
                                        0x16d (size before relaxing)
 .debug_str     0x0000000000000507       0x20 ../base_sys_eval_bsp/\libhal_bsp.a(altera_nios2_gen2_irq.o)
                                        0x163 (size before relaxing)
 .debug_str     0x0000000000000527       0x1b ../base_sys_eval_bsp/\libhal_bsp.a(alt_icache_flush.o)
                                        0x162 (size before relaxing)
 .debug_str     0x0000000000000542      0x120 u:/intelfpga_lite/18.1/nios2eds/bin/gnu/h-x86_64-mingw32/bin/../lib/gcc/nios2-elf/5.3.0/../../../../../H-x86_64-mingw32/nios2-elf/lib\libsmallc.a(lib_a-strlen.o)
                                        0x1cb (size before relaxing)

.debug_loc      0x0000000000000000      0x172
 *(.debug_loc)
 .debug_loc     0x0000000000000000       0x37 ../base_sys_eval_bsp/\libhal_bsp.a(alt_putstr.o)
 .debug_loc     0x0000000000000037       0x21 ../base_sys_eval_bsp/\libhal_bsp.a(alt_sys_init.o)
 .debug_loc     0x0000000000000058       0x8b ../base_sys_eval_bsp/\libhal_bsp.a(altera_avalon_jtag_uart_write.o)
 .debug_loc     0x00000000000000e3       0x1f ../base_sys_eval_bsp/\libhal_bsp.a(alt_dcache_flush_all.o)
 .debug_loc     0x0000000000000102       0x52 ../base_sys_eval_bsp/\libhal_bsp.a(alt_icache_flush.o)
 .debug_loc     0x0000000000000154       0x1e u:/intelfpga_lite/18.1/nios2eds/bin/gnu/h-x86_64-mingw32/bin/../lib/gcc/nios2-elf/5.3.0/../../../../../H-x86_64-mingw32/nios2-elf/lib\libsmallc.a(lib_a-strlen.o)

.debug_macinfo
 *(.debug_macinfo)

.debug_weaknames
 *(.debug_weaknames)

.debug_funcnames
 *(.debug_funcnames)

.debug_typenames
 *(.debug_typenames)

.debug_varnames
 *(.debug_varnames)

.debug_alt_sim_info
                0x0000000000000000       0x30
 *(.debug_alt_sim_info)
 .debug_alt_sim_info
                0x0000000000000000       0x30 ../base_sys_eval_bsp//obj/HAL/src/crt0.o
                0x0000000000009c40                __alt_data_end = 0x9c40
                0x0000000000009c40                PROVIDE (__alt_stack_pointer, __alt_data_end)
                [!provide]                        PROVIDE (__alt_stack_limit, __alt_stack_base)
                [!provide]                        PROVIDE (__alt_heap_start, end)
                [!provide]                        PROVIDE (__alt_heap_limit, 0x9c40)
OUTPUT(base_sys_eval.elf elf32-littlenios2)

.debug_ranges   0x0000000000000000       0x98
 .debug_ranges  0x0000000000000000       0x20 ../base_sys_eval_bsp//obj/HAL/src/crt0.o
 .debug_ranges  0x0000000000000020       0x10 obj/default/hello_world_small.o
 .debug_ranges  0x0000000000000030       0x48 ../base_sys_eval_bsp/\libhal_bsp.a(alt_load.o)
 .debug_ranges  0x0000000000000078       0x10 ../base_sys_eval_bsp/\libhal_bsp.a(alt_icache_flush.o)
 .debug_ranges  0x0000000000000088       0x10 u:/intelfpga_lite/18.1/nios2eds/bin/gnu/h-x86_64-mingw32/bin/../lib/gcc/nios2-elf/5.3.0/../../../../../H-x86_64-mingw32/nios2-elf/lib\libsmallc.a(lib_a-strlen.o)
